../Drivers/STM32F3xx_HAL_Driver/Src/stm32f3xx_hal.c:138:19:HAL_Init	8	static
../Drivers/STM32F3xx_HAL_Driver/Src/stm32f3xx_hal.c:163:19:HAL_DeInit	8	static
../Drivers/STM32F3xx_HAL_Driver/Src/stm32f3xx_hal.c:186:13:HAL_MspInit	4	static
../Drivers/STM32F3xx_HAL_Driver/Src/stm32f3xx_hal.c:197:13:HAL_MspDeInit	4	static
../Drivers/STM32F3xx_HAL_Driver/Src/stm32f3xx_hal.c:220:26:HAL_InitTick	16	static
../Drivers/STM32F3xx_HAL_Driver/Src/stm32f3xx_hal.c:278:13:HAL_IncTick	4	static
../Drivers/STM32F3xx_HAL_Driver/Src/stm32f3xx_hal.c:289:17:HAL_GetTick	4	static
../Drivers/STM32F3xx_HAL_Driver/Src/stm32f3xx_hal.c:298:10:HAL_GetTickPrio	4	static
../Drivers/STM32F3xx_HAL_Driver/Src/stm32f3xx_hal.c:307:19:HAL_SetTickFreq	24	static
../Drivers/STM32F3xx_HAL_Driver/Src/stm32f3xx_hal.c:340:21:HAL_GetTickFreq	4	static
../Drivers/STM32F3xx_HAL_Driver/Src/stm32f3xx_hal.c:356:13:HAL_Delay	24	static,ignoring_inline_asm
../Drivers/STM32F3xx_HAL_Driver/Src/stm32f3xx_hal.c:383:13:HAL_SuspendTick	4	static
../Drivers/STM32F3xx_HAL_Driver/Src/stm32f3xx_hal.c:401:13:HAL_ResumeTick	4	static
../Drivers/STM32F3xx_HAL_Driver/Src/stm32f3xx_hal.c:412:10:HAL_GetHalVersion	4	static
../Drivers/STM32F3xx_HAL_Driver/Src/stm32f3xx_hal.c:421:10:HAL_GetREVID	4	static
../Drivers/STM32F3xx_HAL_Driver/Src/stm32f3xx_hal.c:430:10:HAL_GetDEVID	4	static
../Drivers/STM32F3xx_HAL_Driver/Src/stm32f3xx_hal.c:439:10:HAL_GetUIDw0	4	static
../Drivers/STM32F3xx_HAL_Driver/Src/stm32f3xx_hal.c:448:10:HAL_GetUIDw1	4	static
../Drivers/STM32F3xx_HAL_Driver/Src/stm32f3xx_hal.c:457:10:HAL_GetUIDw2	4	static
../Drivers/STM32F3xx_HAL_Driver/Src/stm32f3xx_hal.c:466:6:HAL_DBGMCU_EnableDBGSleepMode	4	static
../Drivers/STM32F3xx_HAL_Driver/Src/stm32f3xx_hal.c:475:6:HAL_DBGMCU_DisableDBGSleepMode	4	static
../Drivers/STM32F3xx_HAL_Driver/Src/stm32f3xx_hal.c:484:6:HAL_DBGMCU_EnableDBGStopMode	4	static
../Drivers/STM32F3xx_HAL_Driver/Src/stm32f3xx_hal.c:493:6:HAL_DBGMCU_DisableDBGStopMode	4	static
../Drivers/STM32F3xx_HAL_Driver/Src/stm32f3xx_hal.c:502:6:HAL_DBGMCU_EnableDBGStandbyMode	4	static
../Drivers/STM32F3xx_HAL_Driver/Src/stm32f3xx_hal.c:511:6:HAL_DBGMCU_DisableDBGStandbyMode	4	static
