../Core/Src/main.c:105:5:main	24	static
../Core/Src/main.c:215:6:SystemClock_Config	160	static
../Core/Src/main.c:262:13:MX_USART2_UART_Init	8	static
../Core/Src/main.c:297:13:MX_GPIO_Init	48	static
../Core/Src/main.c:332:6:TIM6_DAC_IRQHandler	8	static
../Core/Src/main.c:342:6:HAL_TIM_PeriodElapsedCallback	16	static
../Core/Src/main.c:349:6:initTim6	8	static
../Core/Src/main.c:370:6:vApplicationStackOverflowHook	16	static
../Core/Src/main.c:375:6:vApplicationMallocFailedHook	4	static
../Core/Src/main.c:381:6:vApplicationIdleHook	4	static
../Core/Src/main.c:388:6:ledToggleTask	96	static
../Core/Src/main.c:438:13:initSpi2	40	static
../Core/Src/main.c:487:6:queueTestReceive	88	static,ignoring_inline_asm
../Core/Src/main.c:506:6:OLED_Task	32	static
../Core/Src/main.c:575:6:Error_Handler	4	static,ignoring_inline_asm
