../Core/Src/stm32f3xx_it.c:92:6:NMI_Handler	4	static
../Core/Src/stm32f3xx_it.c:107:6:HardFault_Handler	4	static
../Core/Src/stm32f3xx_it.c:122:6:MemManage_Handler	4	static
../Core/Src/stm32f3xx_it.c:137:6:BusFault_Handler	4	static
../Core/Src/stm32f3xx_it.c:152:6:UsageFault_Handler	4	static
../Core/Src/stm32f3xx_it.c:180:6:DebugMon_Handler	4	static
../Core/Src/stm32f3xx_it.c:238:6:USART2_IRQHandler	8	static
../Core/Src/stm32f3xx_it.c:245:6:HAL_UART_RxCpltCallback	24	static,ignoring_inline_asm
../Core/Src/stm32f3xx_it.c:291:6:NVIC_init	8	static
