../LVGL/src/misc/../font/../draw/../misc/../stdlib/lv_string.h:73:20:lv_memzero	16	static
../LVGL/src/misc/lv_style.h:385:20:lv_style_is_const	16	static
../LVGL/src/misc/lv_style.h:480:30:lv_style_get_prop_inlined	48	static
../LVGL/src/misc/lv_style.h:520:24:lv_style_get_prop_group	24	static
../LVGL/src/misc/lv_style.c:178:6:lv_style_init	16	static
../LVGL/src/misc/lv_style.c:192:6:lv_style_reset	16	static
../LVGL/src/misc/lv_style.c:204:6:lv_style_copy	16	static
../LVGL/src/misc/lv_style.c:216:6:lv_style_merge	32	static
../LVGL/src/misc/lv_style.c:250:17:lv_style_register_prop	32	static
../LVGL/src/misc/lv_style.c:286:17:lv_style_get_num_custom_props	4	static
../LVGL/src/misc/lv_style.c:291:6:lv_style_remove_prop	56	static
../LVGL/src/misc/lv_style.c:344:6:lv_style_set_prop	56	static
../LVGL/src/misc/lv_style.c:399:16:lv_style_get_prop	24	static
../LVGL/src/misc/lv_style.c:404:6:lv_style_transition_dsc_init	24	static
../LVGL/src/misc/lv_style.c:415:18:lv_style_prop_get_default	72	static
../LVGL/src/misc/lv_style.c:493:6:lv_style_is_empty	16	static
../LVGL/src/misc/lv_style.c:500:9:lv_style_prop_lookup_flags	16	static
